2024-03-29 17:41:10,861 - INFO - content="I'm just a computer program, so I don't have feelings or emotions. But I'm here and ready to help you with any questions or tasks you have! How can I assist you today?"
2024-03-29 17:41:12,240 - INFO - content="I'm just a computer program, so I don't have feelings or emotions. But I'm here and ready to help you with any questions or tasks you have! How can I assist you today?"
2024-03-29 17:41:13,213 - INFO - content="I'm just a computer program, so I don't have feelings or emotions, but I'm here and ready to help you with any questions or tasks you have. How can I assist you today?"
2024-03-29 17:41:14,392 - INFO - content="I'm just a computer program, so I don't have feelings or emotions, but I'm here and ready to help you with any questions or tasks you have. How can I assist you today?"
2024-03-29 17:41:16,691 - INFO - content="I'm just a computer program, so I don't have feelings or emotions, but I'm here and ready to assist you with any questions or tasks you have. How can I help you today?"
2024-03-29 17:41:18,181 - INFO - content="I'm just a computer program, so I don't have feelings or emotions, but I'm here and ready to help you with any questions or tasks you have. How can I assist you today?"
2024-03-29 17:41:19,104 - INFO - content="I'm just a computer program, so I don't have feelings or emotions, but I'm here and ready to help you with any questions or tasks you have. How can I assist you today?"
2024-03-29 17:41:20,265 - INFO - content="I'm just a computer program, so I don't have feelings or emotions, but I'm here and ready to help you with any questions or tasks you have. How can I assist you today?"
2024-03-29 17:41:21,559 - INFO - content="I'm just a computer program, so I don't have feelings or emotions. But I'm here and ready to help you with any questions or tasks you have! How can I assist you today?"
2024-03-29 17:41:22,684 - INFO - content="I'm just a computer program, so I don't have feelings or emotions. But I'm here and ready to help you with any questions or tasks you have! How can I assist you today?"
2024-03-29 17:41:23,711 - INFO - content="I'm just a computer program, so I don't have feelings or emotions, but I'm here and ready to help you with any questions or tasks you have. How can I assist you today?"
2024-03-29 17:41:25,041 - INFO - content="I'm just a computer program, so I don't have feelings or emotions. But I'm here and ready to help you with any questions or tasks you have! How can I assist you today?"
2024-03-29 17:41:25,991 - INFO - content="I'm just a computer program, so I don't have feelings or emotions, but I'm here and ready to help you with any questions or tasks you have! How can I assist you today?"
2024-03-29 17:41:27,089 - INFO - content="I'm just a computer program, so I don't have feelings or emotions, but I'm here and ready to help you with any questions or tasks you have. How can I assist you today?"
2024-03-29 17:41:28,319 - INFO - content="I'm just a computer program, so I don't have feelings or emotions. But I'm here and ready to help you with any questions or tasks you have! How can I assist you today?"
2024-03-29 17:41:29,687 - INFO - content="I'm just a computer program, so I don't have feelings or emotions, but I'm here and ready to help you with any questions or tasks you have. How can I assist you today?"
2024-03-29 17:41:30,801 - INFO - content="I'm just a computer program, so I don't have feelings or emotions, but I'm here and ready to help you with any questions or tasks you have. How can I assist you today?"
2024-03-29 17:41:32,208 - INFO - content="I'm just a computer program, so I don't have feelings or emotions, but I'm here and ready to help you with any questions or tasks you have. How can I assist you today?"
2024-03-29 17:41:34,381 - INFO - content="I'm just a computer program, so I don't have feelings or emotions, but I'm here and ready to help you with any questions or tasks you have. How can I assist you today?"
2024-03-29 17:41:36,526 - INFO - content="I'm just a computer program, so I don't have feelings or emotions, but I'm here and ready to help you with any questions or tasks you have. How can I assist you today?"
